============================================
GSD Autopilot Session Log
Started: 2026-03-22T23:05:47.765Z
Project: /Users/seanspade/Documents/Source/minverva-money
From-phase: auto-detect
Dry-run: false
============================================

[19:05:47] BANNER: STARTING
[19:05:47] STARTUP: phase=1 step=discuss circuit_breaker=3
[19:05:47] MAIN LOOP: phase=1 step=discuss
[19:05:47] BANNER: Phase 1 > discuss
[19:05:47] STEP START: phase=1 step=discuss
[19:23:07] STEP DONE: step=discuss exit_code=0
[19:23:07] PROGRESS CHECK: step=discuss before=6|0 after=19|8
[19:23:07] PROGRESS DETECTED: snapshot changed
[19:23:07] MAIN LOOP: phase=1 step=complete
[19:23:07] BANNER: Phase 1 COMPLETE
[19:23:07] PHASE ADVANCE: new_phase=2
[19:23:07] MAIN LOOP: phase=2 step=discuss
[19:23:07] BANNER: Phase 2 > discuss
[19:23:07] STEP START: phase=2 step=discuss
[19:42:17] STEP DONE: step=discuss exit_code=0
[19:42:17] PROGRESS CHECK: step=discuss before=19|8 after=31|19
[19:42:17] PROGRESS DETECTED: snapshot changed
[19:42:17] MAIN LOOP: phase=2 step=complete
[19:42:17] BANNER: Phase 2 COMPLETE
[19:42:17] PHASE ADVANCE: new_phase=3
[19:42:17] MAIN LOOP: phase=3 step=discuss
[19:42:17] BANNER: Phase 3 > discuss
[19:42:17] STEP START: phase=3 step=discuss
